Test project /home/mirafra/cuda/cluade ai/build
    Start 1: calculator_unit_tests
1/1 Test #1: calculator_unit_tests ............   Passed    0.00 sec

100% tests passed, 0 tests failed out of 1

Total Test time (real) =   0.01 sec
